npm warn config optional Use `--omit=optional` to exclude optional dependencies, or
npm warn config `--include=optional` to include them.
npm warn config
npm warn config       Default value does install optional deps unless otherwise omitted.
npm warn Unknown project config "unsafe-perm". This will stop working in the next major version of npm.
npm warn Unknown global config "msvs_version". This will stop working in the next major version of npm.

> jonchalant@0.1.0 build
> next build

▲ Next.js 16.1.1 (Turbopack)
- Environments: .env.local

  Creating an optimized production build ...
✓ Compiled successfully in 14.7s
  Running TypeScript ...
  Collecting page data using 7 workers ...
  Generating static pages using 7 workers (0/15) ...
  Generating static pages using 7 workers (3/15) 
  Generating static pages using 7 workers (7/15) 
  Generating static pages using 7 workers (11/15) 
✓ Generating static pages using 7 workers (15/15) in 1678.7ms
  Finalizing page optimization ...

Route (app)
┌ ○ /
├ ○ /_not-found
├ ○ /about
├ ○ /admin
├ ○ /admin/auth/callback
├ ○ /admin/login
├ ○ /admin/reset-password
├ ƒ /api/inquiries
├ ○ /contact
├ ○ /dance
├ ○ /lessons
├ ○ /media-kit
└ ○ /programs


○  (Static)   prerendered as static content
ƒ  (Dynamic)  server-rendered on demand

